
> swingstakes@0.1.0 build
> next build

   Γû▓ Next.js 15.2.0-canary.63
   - Environments: .env.local

   Creating an optimized production build ...
node.exe : Failed to compile.
At C:\Program Files\nodejs\npm.ps1:29 char:3
+   & $NODE_EXE $NPM_CLI_JS $args
+   ~~~~~~~~~~~~~~~~~~~~~~~~~~~~~
    + CategoryInfo          : NotSpecified: (Failed to compile.:String) [], RemoteException
    + FullyQualifiedErrorId : NativeCommandError
 

./src/app/globals.css.webpack[javascript/auto]!=!./node_modules/next/dist/build/webpack/loaders/css-loader/src/index.js??ruleSet[1].rules[13].oneOf[10].use[2]!./node_modules/next/dist/build/webpack/l
oaders/postcss-loader/src/index.js??ruleSet[1].rules[13].oneOf[10].use[3]!./src/app/globals.css
Error: Missing field `negated` on ScannerOptions.sources
    at Object.Once (C:\Users\Samson\Documents\Antigravity Agent\Golf Sweep\node_modules\@tailwindcss\postcss\dist\index.js:8:4164)
    at async LazyResult.runAsync (C:\Users\Samson\Documents\Antigravity Agent\Golf Sweep\node_modules\next\node_modules\postcss\lib\lazy-result.js:261:11)
    at async Span.traceAsyncFn (C:\Users\Samson\Documents\Antigravity Agent\Golf Sweep\node_modules\next\dist\trace\trace.js:157:20)
    at async C:\Users\Samson\Documents\Antigravity Agent\Golf Sweep\node_modules\next\dist\build\webpack\loaders\postcss-loader\src\index.js:55:22
    at async Span.traceAsyncFn (C:\Users\Samson\Documents\Antigravity Agent\Golf Sweep\node_modules\next\dist\trace\trace.js:157:20)

Import trace for requested module:
./src/app/globals.css.webpack[javascript/auto]!=!./node_modules/next/dist/build/webpack/loaders/css-loader/src/index.js??ruleSet[1].rules[13].oneOf[10].use[2]!./node_modules/next/dist/build/webpack/l
oaders/postcss-loader/src/index.js??ruleSet[1].rules[13].oneOf[10].use[3]!./src/app/globals.css
./src/app/globals.css

./src/app/globals.css
Error: Missing field `negated` on ScannerOptions.sources
    at Object.Once (C:\Users\Samson\Documents\Antigravity Agent\Golf Sweep\node_modules\@tailwindcss\postcss\dist\index.js:8:4164)
    at async LazyResult.runAsync (C:\Users\Samson\Documents\Antigravity Agent\Golf Sweep\node_modules\next\node_modules\postcss\lib\lazy-result.js:261:11)
    at async Span.traceAsyncFn (C:\Users\Samson\Documents\Antigravity Agent\Golf Sweep\node_modules\next\dist\trace\trace.js:157:20)
    at async C:\Users\Samson\Documents\Antigravity Agent\Golf Sweep\node_modules\next\dist\build\webpack\loaders\postcss-loader\src\index.js:55:22
    at async Span.traceAsyncFn (C:\Users\Samson\Documents\Antigravity Agent\Golf Sweep\node_modules\next\dist\trace\trace.js:157:20)
    at tryRunOrWebpackError (C:\Users\Samson\Documents\Antigravity Agent\Golf Sweep\node_modules\next\dist\compiled\webpack\bundle5.js:28:314962)
    at __webpack_require_module__ (C:\Users\Samson\Documents\Antigravity Agent\Golf Sweep\node_modules\next\dist\compiled\webpack\bundle5.js:28:131436)
    at __nested_webpack_require_161179__ (C:\Users\Samson\Documents\Antigravity Agent\Golf Sweep\node_modules\next\dist\compiled\webpack\bundle5.js:28:130874)
    at C:\Users\Samson\Documents\Antigravity Agent\Golf Sweep\node_modules\next\dist\compiled\webpack\bundle5.js:28:131725
    at symbolIterator (C:\Users\Samson\Documents\Antigravity Agent\Golf Sweep\node_modules\next\dist\compiled\neo-async\async.js:1:14444)
    at done (C:\Users\Samson\Documents\Antigravity Agent\Golf Sweep\node_modules\next\dist\compiled\neo-async\async.js:1:14824)
    at Hook.eval [as callAsync] (eval at create (C:\Users\Samson\Documents\Antigravity Agent\Golf Sweep\node_modules\next\dist\compiled\webpack\bundle5.js:13:9218), <anonymous>:15:1)
    at Hook.CALL_ASYNC_DELEGATE [as _callAsync] (C:\Users\Samson\Documents\Antigravity Agent\Golf Sweep\node_modules\next\dist\compiled\webpack\bundle5.js:13:6372)
    at C:\Users\Samson\Documents\Antigravity Agent\Golf Sweep\node_modules\next\dist\compiled\webpack\bundle5.js:28:130595
    at symbolIterator (C:\Users\Samson\Documents\Antigravity Agent\Golf Sweep\node_modules\next\dist\compiled\neo-async\async.js:1:14402)
-- inner error --
Error: Missing field `negated` on ScannerOptions.sources
    at Object.Once (C:\Users\Samson\Documents\Antigravity Agent\Golf Sweep\node_modules\@tailwindcss\postcss\dist\index.js:8:4164)
    at async LazyResult.runAsync (C:\Users\Samson\Documents\Antigravity Agent\Golf Sweep\node_modules\next\node_modules\postcss\lib\lazy-result.js:261:11)
    at async Span.traceAsyncFn (C:\Users\Samson\Documents\Antigravity Agent\Golf Sweep\node_modules\next\dist\trace\trace.js:157:20)
    at async C:\Users\Samson\Documents\Antigravity Agent\Golf Sweep\node_modules\next\dist\build\webpack\loaders\postcss-loader\src\index.js:55:22
    at async Span.traceAsyncFn (C:\Users\Samson\Documents\Antigravity Agent\Golf Sweep\node_modules\next\dist\trace\trace.js:157:20)
    at Object.<anonymous> (C:\Users\Samson\Documents\Antigravity Agent\Golf 
Sweep\node_modules\next\dist\build\webpack\loaders\css-loader\src\index.js??ruleSet[1].rules[13].oneOf[10].use[2]!C:\Users\Samson\Documents\Antigravity Agent\Golf 
Sweep\node_modules\next\dist\build\webpack\loaders\postcss-loader\src\index.js??ruleSet[1].rules[13].oneOf[10].use[3]!C:\Users\Samson\Documents\Antigravity Agent\Golf Sweep\src\app\globals.css:1:7)
    at C:\Users\Samson\Documents\Antigravity Agent\Golf Sweep\node_modules\next\dist\compiled\webpack\bundle5.js:28:955530
    at Hook.eval [as call] (eval at create (C:\Users\Samson\Documents\Antigravity Agent\Golf Sweep\node_modules\next\dist\compiled\webpack\bundle5.js:13:8996), <anonymous>:7:1)
    at Hook.CALL_DELEGATE [as _call] (C:\Users\Samson\Documents\Antigravity Agent\Golf Sweep\node_modules\next\dist\compiled\webpack\bundle5.js:13:6266)
    at C:\Users\Samson\Documents\Antigravity Agent\Golf Sweep\node_modules\next\dist\compiled\webpack\bundle5.js:28:131469
    at tryRunOrWebpackError (C:\Users\Samson\Documents\Antigravity Agent\Golf Sweep\node_modules\next\dist\compiled\webpack\bundle5.js:28:314916)
    at __webpack_require_module__ (C:\Users\Samson\Documents\Antigravity Agent\Golf Sweep\node_modules\next\dist\compiled\webpack\bundle5.js:28:131436)
    at __nested_webpack_require_161179__ (C:\Users\Samson\Documents\Antigravity Agent\Golf Sweep\node_modules\next\dist\compiled\webpack\bundle5.js:28:130874)
    at C:\Users\Samson\Documents\Antigravity Agent\Golf Sweep\node_modules\next\dist\compiled\webpack\bundle5.js:28:131725
    at symbolIterator (C:\Users\Samson\Documents\Antigravity Agent\Golf Sweep\node_modules\next\dist\compiled\neo-async\async.js:1:14444)

Generated code for C:\Users\Samson\Documents\Antigravity Agent\Golf 
Sweep\node_modules\next\dist\build\webpack\loaders\css-loader\src\index.js??ruleSet[1].rules[13].oneOf[10].use[2]!C:\Users\Samson\Documents\Antigravity Agent\Golf 
Sweep\node_modules\next\dist\build\webpack\loaders\postcss-loader\src\index.js??ruleSet[1].rules[13].oneOf[10].use[3]!C:\Users\Samson\Documents\Antigravity Agent\Golf Sweep\src\app\globals.css

Import trace for requested module:
./src/app/globals.css


> Build failed because of webpack errors
